[16:02:53Z] C2 задача A: окно 7.0 сут, потрачено C2 сегодня до старта: 100391 из 200000
[16:02:53Z] DBot GET: задач 9, источников BATCH-3+BATCH-5: 18 (8 + 10)
[16:02:53Z] старт BATCH-5 Theo EC2f5DnHzuNRit1ExqghSifDbp1wgrzktsRRZCtU92MJ
[16:02:53Z] старт BATCH-5 RugDalio Ak6gsstZwaRDYKnzdyNg2HvCXDFvv21afjVix9VGRMQv
[16:02:53Z] старт BATCH-5 MaxHuh H3en1XWQHfbNWjEDRnRFi6HKVkZG1P7twdAHTvnCnYE3
[16:02:53Z] старт BATCH-5 Omakase F5MYbjEATQFD6rxwdS2zXzEHBGuUhSGvJkUhLFAcr4hv
[16:02:54Z] RugDalio: разобрано 3/3 новых транзакций
[16:02:55Z] Omakase: разобрано 2/2 новых транзакций
[16:02:55Z] Theo: разобрано 3/3 новых транзакций
[16:02:58Z] готово RugDalio: покупок 4, ошибка: None
[16:02:58Z] старт BATCH-5 Pyro 6F91X5t8af1yRHALkwf8EStEn6mKYvsW8zpLiVpfYr38
[16:03:19Z] готово Pyro: покупок 3, ошибка: None
[16:03:19Z] старт BATCH-5 CardinalSaint HYh78tNpGBUcxoHgPU9v7VeP2wqSbkapuTzrfYHjfyLo
[16:03:22Z] CardinalSaint: разобрано 2/2 новых транзакций
[16:03:48Z] готово CardinalSaint: покупок 6, ошибка: None
[16:03:48Z] старт BATCH-5 soby 5opd5KBmodmoNuAThQ5cmXKbRxHbQDfomWGKAs3uEUP9
[16:03:53Z] soby: разобрано 2/2 новых транзакций
[16:04:01Z] готово MaxHuh: покупок 10, ошибка: None
[16:04:01Z] старт BATCH-5 earn DYbZngFdHcaEEo4iLpjtAXKgXCECftbAhZeampomtCQc
[16:04:53Z] готово Theo: покупок 21, ошибка: None
[16:04:53Z] старт BATCH-5 gginvestments Hn5gVKAApv69t5HX7Q77uX7o5ayhEwArgYx7kukMLVGn
[16:05:01Z] gginvestments: разобрано 8/8 новых транзакций
[16:05:07Z] готово gginvestments: покупок 6, ошибка: None
[16:05:07Z] старт BATCH-5 pointfarmcap Beqv6dzTcjV2eodo8RRXCiCcnSYrS1vkQKhfqwHXqeit
[16:05:27Z] pointfarmcap: разобрано 70/70 новых транзакций
[16:05:31Z] готово earn: покупок 7, ошибка: None
[16:05:31Z] старт BATCH-3 Brez Fvkc2thk1YcAASdR2gi8uf9n67JW9Dqqr9iRd99MDhoB
[16:05:33Z] Brez: разобрано 1/1 новых транзакций
[16:05:39Z] готово soby: покупок 4, ошибка: None
[16:05:39Z] старт BATCH-3 jg 4hwPamSooBr5JhxHdcEC21HoxN5HUwYR2hGucLPyZAi8
[16:05:42Z] jg: разобрано 4/4 новых транзакций
[16:09:09Z] готово jg: покупок 29, ошибка: None
[16:09:09Z] старт BATCH-3 fomopumpguy DAejzMs5cUeCCENNvapy9KWFwzwegh7LvcgNkZ6hnf1y
[16:09:11Z] fomopumpguy: разобрано 7/7 новых транзакций
[16:09:34Z] готово fomopumpguy: покупок 6, ошибка: None
[16:09:34Z] старт BATCH-3 Avast 8xL8S7P4QLdTGRquHas8NP5EVjp2qUGbmSgrkh97mvmq
[16:09:34Z] готово Avast: покупок 0, ошибка: None
[16:09:34Z] старт BATCH-3 Pasterniq 9zZCjLr9xfXfp3qdqvPh6YeaEaagepz21khLhca69B18
[16:09:35Z] Pasterniq: разобрано 1/1 новых транзакций
[16:09:43Z] готово Pasterniq: покупок 3, ошибка: None
[16:09:43Z] старт BATCH-3 AviFelman BA3nKHc4DoSANRrx4FcCupExzs6cWzw1wkPpqjnqJaCN
[16:10:07Z] готово AviFelman: покупок 8, ошибка: None
[16:10:07Z] старт BATCH-3 Bitman 4vER1GJQs73HtN9oYRswHZV4PSe2dvWQ8NLFoDhXeZjm
[16:10:07Z] Bitman: разобрано 1/1 новых транзакций
[16:10:30Z] готово Bitman: покупок 8, ошибка: None
[16:10:30Z] старт BATCH-3 Nach GAsnqm4XkNkPVgrAofNQ65jWf8f3tKCLHhE9ZqSy2AP1
[16:10:34Z] Nach: разобрано 8/8 новых транзакций
[16:10:48Z] готово Brez: покупок 23, ошибка: None
[16:17:11Z] готово Omakase: покупок 60, ошибка: None
[16:19:40Z] готово Nach: покупок 21, ошибка: None
[16:24:26Z] готово pointfarmcap: покупок 127, ошибка: None
[16:24:26Z] выгрузка: {'agg': '/home/runner/work/robinhood-chain-alpha/robinhood-chain-alpha/data/crowd_metric_2026-09-24.csv', 'trades': '/home/runner/work/robinhood-chain-alpha/robinhood-chain-alpha/data/crowd_metric_trades_2026-09-24.csv', 'json': '/home/runner/work/robinhood-chain-alpha/robinhood-chain-alpha/data/crowd_metric_2026-09-24.json'}
[16:24:26Z] кредитов за прогон: 76891, C2 сегодня: 177282
--- упавшие в блоке источника: {"with_failed": {"n": 195, "growth_30s_median": 1.3983, "share_x2_30s": 0.2295, "n_growth_30s": 183, "growth_after_30s_median": 1.3014, "n_after_30s": 145}, "without_failed": {"n": 138, "growth_30s_median": 1.3864, "share_x2_30s": 0.1905, "n_growth_30s": 126, "growth_after_30s_median": 1.3018, "n_after_30s": 92}, "failed_ge5": {"n": 124, "growth_30s_median": 1.2805, "share_x2_30s": 0.2328, "n_growth_30s": 116, "growth_after_30s_median": 1.2948, "n_after_30s": 92}, "n_checked": 333}
--- коротко (сортировка по growth_after_30s) ---
BATCH-3  Brez           n=23 g30=1.5668 g60=1.5144 x2=0.2667 crowd=228.5 dt8=0.0/None ga30=1.6266 imp=0.9506 x1.3=0.7857 fail=18/18 ошибка=None
BATCH-5  MaxHuh         n=10 g30=1.089 g60=1.1839 x2=0.1111 crowd=27 dt8=0.0/None ga30=1.3932 imp=0.907 x1.3=0.625 fail=6/10 ошибка=None
BATCH-5  RugDalio       n=4 g30=1.4498 g60=1.3646 x2=0.0 crowd=42 dt8=0.0/None ga30=1.3685 imp=1.0539 x1.3=0.5 fail=0/4 ошибка=None
BATCH-3  Pasterniq      n=3 g30=1.2792 g60=1.3902 x2=0.0 crowd=113.0 dt8=0.0/None ga30=1.3208 imp=1.1253 x1.3=0.5 fail=1/3 ошибка=None
BATCH-3  AviFelman      n=8 g30=1.3266 g60=1.5363 x2=0.2857 crowd=57 dt8=0.0/None ga30=1.2819 imp=1.0813 x1.3=0.5 fail=2/8 ошибка=None
BATCH-3  fomopumpguy    n=6 g30=1.0779 g60=1.4584 x2=0.0 crowd=63 dt8=0.0/None ga30=1.2441 imp=1.0433 x1.3=0.5 fail=4/5 ошибка=None
BATCH-5  Theo           n=21 g30=1.2957 g60=1.3007 x2=0.1176 crowd=61.5 dt8=0.0/None ga30=1.2403 imp=1.1739 x1.3=0.125 fail=9/21 ошибка=None
BATCH-3  Bitman         n=8 g30=1.1468 g60=1.1603 x2=0.0 crowd=20 dt8=0.0/None ga30=1.2331 imp=0.9385 x1.3=0.5 fail=5/8 ошибка=None
BATCH-3  jg             n=29 g30=1.3983 g60=1.4187 x2=0.0741 crowd=79.0 dt8=0.0345/1 ga30=1.1984 imp=1.1209 x1.3=0.4167 fail=19/29 ошибка=None
BATCH-5  soby           n=4 g30=1.9047 g60=1.7969 x2=0.5 crowd=118 dt8=0.0/None ga30=1.1902 imp=1.3293 x1.3=0.3333 fail=1/4 ошибка=None
BATCH-5  Omakase        n=60 g30=1.1229 g60=1.1417 x2=0.04 crowd=68.5 dt8=0.0/None ga30=1.1649 imp=0.9912 x1.3=0.3 fail=30/57 ошибка=None
BATCH-3  Nach           n=21 g30=1.1737 g60=1.2165 x2=0.05 crowd=92.0 dt8=0.0/None ga30=1.09 imp=1.0425 x1.3=0.1111 fail=14/19 ошибка=None
BATCH-5  CardinalSaint  n=6 g30=1.2937 g60=1.1894 x2=0.0 crowd=24 dt8=0.0/None ga30=1.0751 imp=1.0881 x1.3=0.3333 fail=2/6 ошибка=None
BATCH-5  Pyro           n=3 g30=1.0738 g60=1.0846 x2=0.0 crowd=14 dt8=0.0/None ga30=1.0494 imp=1.0321 x1.3=0.0 fail=2/3 ошибка=None
BATCH-5  gginvestments  n=6 g30=1.0654 g60=1.111 x2=0.0 crowd=4.0 dt8=0.0/None ga30=1.044 imp=1.0045 x1.3=0.0 fail=0/6 ошибка=None
BATCH-5  earn           n=7 g30=1.0029 g60=1.0105 x2=0.0 crowd=7 dt8=0.0/None ga30=0.986 imp=0.9884 x1.3=0.0 fail=4/6 ошибка=None
BATCH-3  Avast          n=0 g30=None g60=None x2=None crowd=None dt8=None/None ga30=None imp=None x1.3=None fail=0/0 ошибка=None
BATCH-5  pointfarmcap   n=127 g30=1.8461 g60=1.8761 x2=0.4098 crowd=86 dt8=0.0/None ga30=1.691 imp=1.1163 x1.3=0.7391 fail=78/126 ошибка=None
