[15:12:16Z] C2 задача A: окно 7.0 сут, потрачено C2 сегодня до старта: 1707 из 100000
[15:12:16Z] DBot GET: задач 9, источников BATCH-3+BATCH-5: 18 (8 + 10)
[15:12:16Z] старт BATCH-5 Theo EC2f5DnHzuNRit1ExqghSifDbp1wgrzktsRRZCtU92MJ
[15:12:16Z] старт BATCH-5 RugDalio Ak6gsstZwaRDYKnzdyNg2HvCXDFvv21afjVix9VGRMQv
[15:12:16Z] старт BATCH-5 MaxHuh H3en1XWQHfbNWjEDRnRFi6HKVkZG1P7twdAHTvnCnYE3
[15:12:16Z] старт BATCH-5 Omakase F5MYbjEATQFD6rxwdS2zXzEHBGuUhSGvJkUhLFAcr4hv
[15:12:17Z] RugDalio: разобрано 100/759 новых транзакций
[15:12:17Z] Omakase: разобрано 100/499 новых транзакций
[15:12:17Z] Theo: разобрано 100/376 новых транзакций
[15:12:17Z] MaxHuh: разобрано 100/221 новых транзакций
[15:12:30Z] Omakase: разобрано 200/499 новых транзакций
[15:12:30Z] RugDalio: разобрано 200/759 новых транзакций
[15:12:30Z] MaxHuh: разобрано 200/221 новых транзакций
[15:12:30Z] MaxHuh: разобрано 221/221 новых транзакций
[15:12:30Z] Theo: разобрано 200/376 новых транзакций
[15:12:32Z] RugDalio: разобрано 300/759 новых транзакций
[15:12:33Z] Omakase: разобрано 300/499 новых транзакций
[15:12:47Z] Theo: разобрано 300/376 новых транзакций
[15:12:49Z] Theo: разобрано 376/376 новых транзакций
[15:12:49Z] Omakase: разобрано 400/499 новых транзакций
[15:12:49Z] RugDalio: разобрано 400/759 новых транзакций
[15:13:01Z] Omakase: разобрано 499/499 новых транзакций
[15:13:01Z] RugDalio: разобрано 500/759 новых транзакций
[15:13:15Z] RugDalio: разобрано 600/759 новых транзакций
[15:13:16Z] RugDalio: разобрано 700/759 новых транзакций
[15:13:16Z] RugDalio: разобрано 759/759 новых транзакций
[15:13:52Z] готово RugDalio: покупок 3, ошибка: None
[15:13:52Z] старт BATCH-5 Pyro 6F91X5t8af1yRHALkwf8EStEn6mKYvsW8zpLiVpfYr38
[15:14:10Z] Pyro: разобрано 100/108 новых транзакций
[15:14:10Z] Pyro: разобрано 108/108 новых транзакций
[15:14:21Z] готово MaxHuh: покупок 11, ошибка: None
[15:14:21Z] старт BATCH-5 CardinalSaint HYh78tNpGBUcxoHgPU9v7VeP2wqSbkapuTzrfYHjfyLo
[15:14:24Z] CardinalSaint: разобрано 100/317 новых транзакций
[15:14:39Z] CardinalSaint: разобрано 200/317 новых транзакций
[15:14:40Z] CardinalSaint: разобрано 300/317 новых транзакций
[15:14:40Z] CardinalSaint: разобрано 317/317 новых транзакций
[15:15:04Z] готово Pyro: покупок 3, ошибка: None
[15:15:04Z] старт BATCH-5 soby 5opd5KBmodmoNuAThQ5cmXKbRxHbQDfomWGKAs3uEUP9
[15:15:11Z] готово CardinalSaint: покупок 4, ошибка: None
[15:15:11Z] старт BATCH-5 earn DYbZngFdHcaEEo4iLpjtAXKgXCECftbAhZeampomtCQc
[15:15:12Z] earn: разобрано 100/481 новых транзакций
[15:15:21Z] soby: разобрано 100/113 новых транзакций
[15:15:22Z] soby: разобрано 113/113 новых транзакций
[15:15:30Z] earn: разобрано 200/481 новых транзакций
[15:15:44Z] готово soby: покупок 2, ошибка: None
[15:15:44Z] старт BATCH-5 gginvestments Hn5gVKAApv69t5HX7Q77uX7o5ayhEwArgYx7kukMLVGn
[15:15:47Z] earn: разобрано 300/481 новых транзакций
[15:15:48Z] earn: разобрано 400/481 новых транзакций
[15:15:59Z] earn: разобрано 481/481 новых транзакций
[15:15:59Z] gginvestments: разобрано 100/931 новых транзакций
[15:16:02Z] gginvestments: разобрано 200/931 новых транзакций
[15:16:18Z] gginvestments: разобрано 300/931 новых транзакций
[15:16:19Z] gginvestments: разобрано 400/931 новых транзакций
[15:16:34Z] gginvestments: разобрано 500/931 новых транзакций
[15:16:36Z] gginvestments: разобрано 600/931 новых транзакций
[15:16:52Z] gginvestments: разобрано 700/931 новых транзакций
[15:16:54Z] gginvestments: разобрано 800/931 новых транзакций
[15:17:05Z] готово earn: покупок 7, ошибка: None
[15:17:05Z] старт BATCH-5 pointfarmcap Beqv6dzTcjV2eodo8RRXCiCcnSYrS1vkQKhfqwHXqeit
[15:17:11Z] gginvestments: разобрано 900/931 новых транзакций
[15:17:12Z] gginvestments: разобрано 931/931 новых транзакций
[15:17:17Z] готово gginvestments: покупок 3, ошибка: None
[15:17:17Z] старт BATCH-3 Brez Fvkc2thk1YcAASdR2gi8uf9n67JW9Dqqr9iRd99MDhoB
[15:17:26Z] pointfarmcap: разобрано 100/5210 новых транзакций
[15:17:33Z] Brez: разобрано 100/356 новых транзакций
[15:17:48Z] Brez: разобрано 200/356 новых транзакций
[15:18:02Z] pointfarmcap: разобрано 600/5210 новых транзакций
[15:18:03Z] Brez: разобрано 300/356 новых транзакций
[15:18:05Z] Brez: разобрано 356/356 новых транзакций
[15:18:51Z] pointfarmcap: разобрано 1100/5210 новых транзакций
[15:19:51Z] pointfarmcap: разобрано 1600/5210 новых транзакций
[15:20:45Z] pointfarmcap: разобрано 2100/5210 новых транзакций
[15:21:07Z] готово Theo: покупок 18, ошибка: None
[15:21:07Z] старт BATCH-3 jg 4hwPamSooBr5JhxHdcEC21HoxN5HUwYR2hGucLPyZAi8
[15:21:25Z] jg: разобрано 100/382 новых транзакций
[15:21:39Z] pointfarmcap: разобрано 2600/5210 новых транзакций
[15:21:41Z] jg: разобрано 200/382 новых транзакций
[15:22:00Z] jg: разобрано 300/382 новых транзакций
[15:22:12Z] jg: разобрано 382/382 новых транзакций
[15:22:29Z] pointfarmcap: разобрано 3100/5210 новых транзакций
[15:23:48Z] pointfarmcap: разобрано 3600/5210 новых транзакций
[15:25:06Z] pointfarmcap: разобрано 4100/5210 новых транзакций
[15:25:46Z] pointfarmcap: разобрано 4600/5210 новых транзакций
[15:26:53Z] pointfarmcap: разобрано 5100/5210 новых транзакций
[15:28:14Z] готово Brez: покупок 22, ошибка: None
[15:28:14Z] старт BATCH-3 fomopumpguy DAejzMs5cUeCCENNvapy9KWFwzwegh7LvcgNkZ6hnf1y
[15:28:30Z] fomopumpguy: разобрано 100/1179 новых транзакций
[15:28:43Z] fomopumpguy: разобрано 200/1179 новых транзакций
[15:29:00Z] fomopumpguy: разобрано 300/1179 новых транзакций
[15:29:01Z] fomopumpguy: разобрано 400/1179 новых транзакций
[15:29:18Z] fomopumpguy: разобрано 500/1179 новых транзакций
[15:29:19Z] fomopumpguy: разобрано 600/1179 новых транзакций
[15:29:35Z] fomopumpguy: разобрано 700/1179 новых транзакций
[15:29:56Z] fomopumpguy: разобрано 800/1179 новых транзакций
[15:29:57Z] fomopumpguy: разобрано 900/1179 новых транзакций
[15:30:12Z] fomopumpguy: разобрано 1000/1179 новых транзакций
[15:30:26Z] fomopumpguy: разобрано 1100/1179 новых транзакций
[15:30:26Z] fomopumpguy: разобрано 1179/1179 новых транзакций
[15:32:47Z] готово fomopumpguy: покупок 7, ошибка: None
[15:32:47Z] старт BATCH-3 Avast 8xL8S7P4QLdTGRquHas8NP5EVjp2qUGbmSgrkh97mvmq
[15:32:48Z] Avast: разобрано 96/96 новых транзакций
[15:32:48Z] готово Avast: покупок 0, ошибка: None
[15:32:48Z] старт BATCH-3 Pasterniq 9zZCjLr9xfXfp3qdqvPh6YeaEaagepz21khLhca69B18
[15:33:03Z] Pasterniq: разобрано 100/177 новых транзакций
[15:33:03Z] Pasterniq: разобрано 177/177 новых транзакций
[15:34:36Z] готово Pasterniq: покупок 4, ошибка: None
[15:34:36Z] старт BATCH-3 AviFelman BA3nKHc4DoSANRrx4FcCupExzs6cWzw1wkPpqjnqJaCN
[15:34:54Z] AviFelman: разобрано 100/141 новых транзакций
[15:34:54Z] AviFelman: разобрано 141/141 новых транзакций
[15:35:38Z] готово jg: покупок 26, ошибка: None
[15:35:38Z] старт BATCH-3 Bitman 4vER1GJQs73HtN9oYRswHZV4PSe2dvWQ8NLFoDhXeZjm
[15:35:56Z] Bitman: разобрано 100/333 новых транзакций
[15:35:56Z] Bitman: разобрано 200/333 новых транзакций
[15:35:59Z] готово AviFelman: покупок 8, ошибка: None
[15:35:59Z] старт BATCH-3 Nach GAsnqm4XkNkPVgrAofNQ65jWf8f3tKCLHhE9ZqSy2AP1
[15:36:12Z] Bitman: разобрано 300/333 новых транзакций
[15:36:12Z] Bitman: разобрано 333/333 новых транзакций
[15:36:15Z] Nach: разобрано 100/646 новых транзакций
[15:36:30Z] Nach: разобрано 200/646 новых транзакций
[15:36:45Z] Nach: разобрано 300/646 новых транзакций
[15:36:48Z] Nach: разобрано 400/646 новых транзакций
[15:37:04Z] Nach: разобрано 500/646 новых транзакций
[15:37:05Z] Nach: разобрано 600/646 новых транзакций
[15:37:06Z] Nach: разобрано 646/646 новых транзакций
[15:37:14Z] готово Bitman: покупок 7, ошибка: None
[15:39:37Z] готово Nach: покупок 2, ошибка: BudgetExceeded: суточный потолок C2 100000: потрачено 99992, нужно ещё 100
[15:39:38Z] готово Omakase: покупок 43, ошибка: BudgetExceeded: суточный потолок C2 100000: потрачено 99994, нужно ещё 100
[15:39:38Z] готово pointfarmcap: покупок 30, ошибка: BudgetExceeded: суточный потолок C2 100000: потрачено 99999, нужно ещё 91
[15:39:38Z] выгрузка: {'agg': '/home/runner/work/robinhood-chain-alpha/robinhood-chain-alpha/data/crowd_metric_2026-09-24.csv', 'trades': '/home/runner/work/robinhood-chain-alpha/robinhood-chain-alpha/data/crowd_metric_trades_2026-09-24.csv', 'json': '/home/runner/work/robinhood-chain-alpha/robinhood-chain-alpha/data/crowd_metric_2026-09-24.json'}
[15:39:38Z] кредитов за прогон: 98292, C2 сегодня: 99999
--- коротко (сортировка по share_x2_30s) ---
BATCH-5  soby           n=2 g30=1.66 g60=1.6892 x2=0.5 crowd=50 dt8=0.0/None ошибка=None
BATCH-3  AviFelman      n=8 g30=1.3861 g60=1.428 x2=0.3333 crowd=57 dt8=0.0/None ошибка=None
BATCH-3  Brez           n=22 g30=1.5668 g60=1.3509 x2=0.2 crowd=209 dt8=0.0/None ошибка=None
BATCH-5  Theo           n=18 g30=1.26 g60=1.2817 x2=0.0667 crowd=61 dt8=0.0/None ошибка=None
BATCH-3  Bitman         n=7 g30=1.1468 g60=1.1603 x2=0.0 crowd=20 dt8=0.0/None ошибка=None
BATCH-3  Nach           n=>=2 (неполно) g30=1.159 g60=1.1173 x2=0.0 crowd=88 dt8=0.0/None ошибка=BudgetExceeded: суточный потолок C2 100000: потрачено 99992, нужно ещё 100
BATCH-3  Pasterniq      n=4 g30=1.2792 g60=1.3902 x2=0.0 crowd=113.0 dt8=0.0/None ошибка=None
BATCH-3  fomopumpguy    n=7 g30=1.1521 g60=1.1539 x2=0.0 crowd=68.5 dt8=0.0/None ошибка=None
BATCH-3  jg             n=26 g30=1.4247 g60=1.4187 x2=0.0 crowd=113 dt8=0.0385/1 ошибка=None
BATCH-5  CardinalSaint  n=4 g30=1.2457 g60=1.2354 x2=0.0 crowd=29 dt8=0.0/None ошибка=None
BATCH-5  MaxHuh         n=11 g30=1.2318 g60=1.2053 x2=0.0 crowd=22.0 dt8=0.0/None ошибка=None
BATCH-5  Omakase        n=>=43 (неполно) g30=1.1096 g60=1.1268 x2=0.0 crowd=51 dt8=0.0/None ошибка=BudgetExceeded: суточный потолок C2 100000: потрачено 99994, нужно ещё 100
BATCH-5  Pyro           n=3 g30=1.0738 g60=1.0846 x2=0.0 crowd=14 dt8=0.0/None ошибка=None
BATCH-5  RugDalio       n=3 g30=1.3201 g60=1.1923 x2=0.0 crowd=43.0 dt8=0.0/None ошибка=None
BATCH-5  earn           n=7 g30=1.0057 g60=1.015 x2=0.0 crowd=7 dt8=0.0/None ошибка=None
BATCH-5  gginvestments  n=3 g30=1.015 g60=1.0066 x2=0.0 crowd=8 dt8=0.0/None ошибка=None
BATCH-3  Avast          n=0 g30=None g60=None x2=None crowd=None dt8=None/None ошибка=None
BATCH-5  pointfarmcap   n=>=30 (неполно) g30=1.9208 g60=1.9569 x2=0.4815 crowd=128 dt8=0.0/None ошибка=BudgetExceeded: суточный потолок C2 100000: потрачено 99999, нужно ещё 91
