{
 "n_trades": 346,
 "n_with_mcap": 346,
 "groups": {
  "pool_type": {
   "amm": {
    "n": 304,
    "n_after": 239,
    "growth_after_30s_median": 1.3014,
    "crash_after_share": 0.004,
    "n_growth": 290,
    "growth_30s_median": 1.3789,
    "crash_30s_share": 0.01,
    "x2_30s_share": 0.207
   },
   "curve": {
    "n": 35,
    "n_after": 0,
    "growth_after_30s_median": null,
    "crash_after_share": null,
    "n_growth": 21,
    "growth_30s_median": 1.7373,
    "crash_30s_share": 0.048,
    "x2_30s_share": 0.286
   },
   "нет данных": {
    "n": 7,
    "n_after": 0,
    "growth_after_30s_median": null,
    "crash_after_share": null,
    "n_growth": 0,
    "growth_30s_median": null,
    "crash_30s_share": null,
    "x2_30s_share": null
   }
  },
  "quote": {
   "SOL": {
    "n": 96,
    "n_after": 64,
    "growth_after_30s_median": 1.188,
    "crash_after_share": 0.016,
    "n_growth": 83,
    "growth_30s_median": 1.136,
    "crash_30s_share": 0.024,
    "x2_30s_share": 0.048
   },
   "other": {
    "n": 243,
    "n_after": 175,
    "growth_after_30s_median": 1.3394,
    "crash_after_share": 0.0,
    "n_growth": 228,
    "growth_30s_median": 1.4783,
    "crash_30s_share": 0.009,
    "x2_30s_share": 0.272
   },
   "нет данных": {
    "n": 7,
    "n_after": 0,
    "growth_after_30s_median": null,
    "crash_after_share": null,
    "n_growth": 0,
    "growth_30s_median": null,
    "crash_30s_share": null,
    "x2_30s_share": null
   }
  },
  "mcap": {
   "50-200k": {
    "n": 109,
    "n_after": 91,
    "growth_after_30s_median": 1.5206,
    "crash_after_share": 0.011,
    "n_growth": 102,
    "growth_30s_median": 1.5661,
    "crash_30s_share": 0.01,
    "x2_30s_share": 0.255
   },
   "<50k": {
    "n": 110,
    "n_after": 61,
    "growth_after_30s_median": 1.8182,
    "crash_after_share": 0.0,
    "n_growth": 93,
    "growth_30s_median": 1.8203,
    "crash_30s_share": 0.022,
    "x2_30s_share": 0.409
   },
   ">200k": {
    "n": 127,
    "n_after": 87,
    "growth_after_30s_median": 1.0747,
    "crash_after_share": 0.0,
    "n_growth": 116,
    "growth_30s_median": 1.1281,
    "crash_30s_share": 0.009,
    "x2_30s_share": 0.017
   }
  }
 },
 "cross_pool_quote": {
  "curve|SOL": {
   "n": 2,
   "n_after": 0,
   "growth_after_30s_median": null,
   "crash_after_share": null,
   "n_growth": 1,
   "growth_30s_median": 1.9193,
   "crash_30s_share": 0.0,
   "x2_30s_share": 0.0
  },
  "curve|other": {
   "n": 33,
   "n_after": 0,
   "growth_after_30s_median": null,
   "crash_after_share": null,
   "n_growth": 20,
   "growth_30s_median": 1.7138,
   "crash_30s_share": 0.05,
   "x2_30s_share": 0.3
  },
  "amm|SOL": {
   "n": 94,
   "n_after": 64,
   "growth_after_30s_median": 1.188,
   "crash_after_share": 0.016,
   "n_growth": 82,
   "growth_30s_median": 1.1336,
   "crash_30s_share": 0.024,
   "x2_30s_share": 0.049
  },
  "amm|other": {
   "n": 210,
   "n_after": 175,
   "growth_after_30s_median": 1.3394,
   "crash_after_share": 0.0,
   "n_growth": 208,
   "growth_30s_median": 1.4713,
   "crash_30s_share": 0.005,
   "x2_30s_share": 0.269
  }
 }
}
кредитов 365; C2 сегодня 178174
