{"signature": "5HdXjagm52JXeMSWewa9i3SyKsn1LhrFgxiwcwnnhSudmPzVc8mrxK72ebYFPdCAk9inSUzAWruSRvWvTkYWx8xG", "block_time_utc": "2026-09-24T14:10:07Z", "slot": 450051862, "index_in_block": 1172, "err": {"InstructionError": [8, {"Custom": 6004}]}, "fee_payer": "4s87RRC2V2XAJD6R8U2dP8kQH99Z2wA6fg88ZVfV4j4N", "signers": ["4s87RRC2V2XAJD6R8U2dP8kQH99Z2wA6fg88ZVfV4j4N"], "watch_is_signer": true, "sol_delta_by_signer": {"4s87RRC2V2XAJD6R8U2dP8kQH99Z2wA6fg88ZVfV4j4N": -0.001}, "token_deltas": [], "why_not": null}
    лог: Program LBUZKhRxPF3XUpBCjp4YzTKgLccjZhTSDM9YuVaPwxo invoke [2]
    лог: Program log: Instruction: Swap2
    лог: Program LBUZKhRxPF3XUpBCjp4YzTKgLccjZhTSDM9YuVaPwxo invoke [3]
    лог: Program LBUZKhRxPF3XUpBCjp4YzTKgLccjZhTSDM9YuVaPwxo consumed 772 of 374787 compute units
    лог: Program LBUZKhRxPF3XUpBCjp4YzTKgLccjZhTSDM9YuVaPwxo success
    лог: Program TokenkegQfeZyiNwAJbNbGKPFXCWuBvf9Ss623VQ5DA invoke [3]
    лог: Program TokenkegQfeZyiNwAJbNbGKPFXCWuBvf9Ss623VQ5DA consumed 105 of 371973 compute units
    лог: Program TokenkegQfeZyiNwAJbNbGKPFXCWuBvf9Ss623VQ5DA success
    лог: Program TokenzQdBNbLqP5VEhdkAS6EPFLC1PHnBqCXEpPxuEb invoke [3]
    лог: Program log: Instruction: TransferChecked
    лог: Program TokenzQdBNbLqP5VEhdkAS6EPFLC1PHnBqCXEpPxuEb consumed 3432 of 368987 compute units
    лог: Program TokenzQdBNbLqP5VEhdkAS6EPFLC1PHnBqCXEpPxuEb success
    лог: Program LBUZKhRxPF3XUpBCjp4YzTKgLccjZhTSDM9YuVaPwxo invoke [3]
    лог: Program LBUZKhRxPF3XUpBCjp4YzTKgLccjZhTSDM9YuVaPwxo consumed 772 of 362844 compute units
    лог: Program LBUZKhRxPF3XUpBCjp4YzTKgLccjZhTSDM9YuVaPwxo success
    лог: Program LBUZKhRxPF3XUpBCjp4YzTKgLccjZhTSDM9YuVaPwxo consumed 43787 of 404809 compute units
    лог: Program LBUZKhRxPF3XUpBCjp4YzTKgLccjZhTSDM9YuVaPwxo success
    лог: Program LanMV9sAd7wArD4vJFi2qDdfnVhFxYSUg6eADduJ3uj invoke [2]
    лог: Program log: Instruction: BuyExactIn
    лог: Program LanMV9sAd7wArD4vJFi2qDdfnVhFxYSUg6eADduJ3uj invoke [3]
    лог: Program LanMV9sAd7wArD4vJFi2qDdfnVhFxYSUg6eADduJ3uj consumed 626 of 329446 compute units
    лог: Program LanMV9sAd7wArD4vJFi2qDdfnVhFxYSUg6eADduJ3uj success
    лог: Program data: vdt/007mYe7RJ70UKjrRIFBR8J9MN3uOTTBAjOmwOkPiO4E4A1WPowB4xftR0QIAunEOPunPAwDYIumwWQAAAI6UAlW/lgIABpsa0L0AAACK1LHxmJcCADDj2pK+AAAAw183xQAAAAD8P6+c2QAAAOw3fgAAAAAArd/4AQAAAAAAAAAAAAAAAAAAAA
    лог: Program log: AnchorError thrown in programs/launchpad/src/instructions/buy_exact_in.rs:228. Error Code: ExceededSlippage. Error Number: 6004. Error Message: Exceeds desired slippage limit.
    лог: Program log: Left: 906597535084
    лог: Program log: Right: 2975259421017
    лог: Program LanMV9sAd7wArD4vJFi2qDdfnVhFxYSUg6eADduJ3uj consumed 34681 of 358483 compute units
    лог: Program LanMV9sAd7wArD4vJFi2qDdfnVhFxYSUg6eADduJ3uj failed: custom program error: 0x1774
    лог: Program b1oomGGqPKGD6errbyfbVMBuzSC8WtAAYo8MwNafWW1 consumed 111289 of 435091 compute units
    лог: Program b1oomGGqPKGD6errbyfbVMBuzSC8WtAAYo8MwNafWW1 failed: custom program error: 0x1774
{"signature": "3egBxswdzyhJnnMe7ubTVwMr6M9ani5jqUikTCs4kXx9tcaxbcWzmmgznnu8mqKbyQJEvzBpJ7p5VasZn71DNJRg", "block_time_utc": "2026-09-24T14:10:07Z", "slot": 450051862, "index_in_block": 155, "err": null, "fee_payer": "AgmLJBMDCqWynYnQiPCuj9ewsNNsBJXyzoUhD9LJzN51", "signers": ["AgmLJBMDCqWynYnQiPCuj9ewsNNsBJXyzoUhD9LJzN51", "Beqv6dzTcjV2eodo8RRXCiCcnSYrS1vkQKhfqwHXqeit"], "watch_is_signer": false, "sol_delta_by_signer": {"Beqv6dzTcjV2eodo8RRXCiCcnSYrS1vkQKhfqwHXqeit": -0.00055084, "AgmLJBMDCqWynYnQiPCuj9ewsNNsBJXyzoUhD9LJzN51": -0.001047528}, "token_deltas": [{"owner": "WLHv2UAZm6z4KyaaELi5pjdbJh6RESMva1Rnn8pJVVh", "mint": "4rkGWJNSUPBcMicXMRAzohEyeJLFG8gUjwiWaz7Pddr3", "account": "9w4j6yTS3zuETqNcXTv3cxHpLQYjsVsv5HDUuF8Zu5fH", "delta": "35621.033887"}, {"owner": "56XVRVAsgWv6ADaxzoNnbL38LMoWKM5WiSAhrAWUbd2p", "mint": "4rkGWJNSUPBcMicXMRAzohEyeJLFG8gUjwiWaz7Pddr3", "account": "EFDyMqaDXubDQZtBV6X2FsR3vq3rHkaxofYfh79qP2Zy", "delta": "349.01417"}, {"owner": "WLHv2UAZm6z4KyaaELi5pjdbJh6RESMva1Rnn8pJVVh", "mint": "5MhscascCnJJNsPAsbEFtBMW6VanEmdyEcCx7v9172rS", "account": "EL9ZoHgSzxC84j9ZBu7uaDgopaFLPys9j34xD4QBdUaH", "delta": "-55314700.446077"}, {"owner": "VmeCH7tVZYSQfY5zbmXTGF2SrZcFHgQQpkzG9NfGyGv", "mint": "EPjFWdd5AufqSSqeM2qN1xzybapC8G4wEGGkZwyTDt1v", "account": "ETo2nhDG9YKegAYuqNKmA3e5pqkd3X9tbgwd2gCRinHd", "delta": "0.5"}, {"owner": "8FnX3xo2yYw3EUE6w3nQA4GfXGS9wpK6oj3veJpbFzLo", "mint": "EPjFWdd5AufqSSqeM2qN1xzybapC8G4wEGGkZwyTDt1v", "account": "2Y7HATmn9aJBcxCskE5V2U2epmjvkZmB51zTJBbhj4cU", "delta": "248.7515"}, {"owner": "8FnX3xo2yYw3EUE6w3nQA4GfXGS9wpK6oj3veJpbFzLo", "mint": "So11111111111111111111111111111111111111112", "account": "ATRsNGv2nDw7hSMfkUTBoVUDsFDwN7po7KbecyiGWNB4", "delta": "-2.163680266"}, {"owner": "Beqv6dzTcjV2eodo8RRXCiCcnSYrS1vkQKhfqwHXqeit", "mint": "EPjFWdd5AufqSSqeM2qN1xzybapC8G4wEGGkZwyTDt1v", "account": "Fbck4smimeuWmxAUU4PKwJGYYVoxzXFhrwDgmTk8eQH3", "delta": "-250"}, {"owner": "R4rNJHaffSUotNmqSKNEfDcJE8A7zJUkaoM5Jkd7cYX", "mint": "EPjFWdd5AufqSSqeM2qN1xzybapC8G4wEGGkZwyTDt1v", "account": "HrTf9CzXR1dRH4Sof5QrpmGWwpwAf3qZzwCsEjQpXcSq", "delta": "0.7485"}, {"owner": "8jKcztFXNhFAr7wgN55XJCWij9HkJbV7JfgnfF6Stpp1", "mint": "4rkGWJNSUPBcMicXMRAzohEyeJLFG8gUjwiWaz7Pddr3", "account": "8jKcztFXNhFAr7wgN55XJCWij9HkJbV7JfgnfF6Stpp1", "delta": "-38240.878213"}, {"owner": "CzuzhGJqW8Ztvu9HpX9V116cyJvBXoH9SB7Zg7v8mtN8", "mint": "So11111111111111111111111111111111111111112", "account": "CzuzhGJqW8Ztvu9HpX9V116cyJvBXoH9SB7Zg7v8mtN8", "delta": "2.163680266"}, {"owner": "Beqv6dzTcjV2eodo8RRXCiCcnSYrS1vkQKhfqwHXqeit", "mint": "5MhscascCnJJNsPAsbEFtBMW6VanEmdyEcCx7v9172rS", "account": "Ewdk6uNk1i4HfdMin8JAqn2XEXbEDUAMTAVaipjnehmw", "delta": "53655259.432694"}], "why_not": null}
    лог: Program log: Instruction: TransferChecked
    лог: Program TokenzQdBNbLqP5VEhdkAS6EPFLC1PHnBqCXEpPxuEb consumed 3378 of 82988 compute units
    лог: Program TokenzQdBNbLqP5VEhdkAS6EPFLC1PHnBqCXEpPxuEb success
    лог: Program TokenzQdBNbLqP5VEhdkAS6EPFLC1PHnBqCXEpPxuEb invoke [3]
    лог: Program log: Instruction: TransferChecked
    лог: Program TokenzQdBNbLqP5VEhdkAS6EPFLC1PHnBqCXEpPxuEb consumed 3432 of 77551 compute units
    лог: Program TokenzQdBNbLqP5VEhdkAS6EPFLC1PHnBqCXEpPxuEb success
    лог: Program TokenzQdBNbLqP5VEhdkAS6EPFLC1PHnBqCXEpPxuEb invoke [3]
    лог: Program log: Instruction: TransferChecked
    лог: Program TokenzQdBNbLqP5VEhdkAS6EPFLC1PHnBqCXEpPxuEb consumed 3270 of 53208 compute units
    лог: Program TokenzQdBNbLqP5VEhdkAS6EPFLC1PHnBqCXEpPxuEb success
    лог: Program LanMV9sAd7wArD4vJFi2qDdfnVhFxYSUg6eADduJ3uj consumed 68720 of 115977 compute units
    лог: Program LanMV9sAd7wArD4vJFi2qDdfnVhFxYSUg6eADduJ3uj success
    лог: Program JUP6LkbZbjS1jKKwapdHNy74zcZ3tLUZoi5QNyVTaV4 invoke [2]
    лог: Program JUP6LkbZbjS1jKKwapdHNy74zcZ3tLUZoi5QNyVTaV4 consumed 106 of 45082 compute units
    лог: Program JUP6LkbZbjS1jKKwapdHNy74zcZ3tLUZoi5QNyVTaV4 success
    лог: Program TokenkegQfeZyiNwAJbNbGKPFXCWuBvf9Ss623VQ5DA invoke [2]
    лог: Program TokenkegQfeZyiNwAJbNbGKPFXCWuBvf9Ss623VQ5DA consumed 76 of 43773 compute units
    лог: Program TokenkegQfeZyiNwAJbNbGKPFXCWuBvf9Ss623VQ5DA success
    лог: Program JUP6LkbZbjS1jKKwapdHNy74zcZ3tLUZoi5QNyVTaV4 consumed 167411 of 210373 compute units
    лог: Program return: JUP6LkbZbjS1jKKwapdHNy74zcZ3tLUZoi5QNyVTaV4 9satlswwAAA=
    лог: Program JUP6LkbZbjS1jKKwapdHNy74zcZ3tLUZoi5QNyVTaV4 success
    лог: Program TokenkegQfeZyiNwAJbNbGKPFXCWuBvf9Ss623VQ5DA invoke [1]
    лог: Program TokenkegQfeZyiNwAJbNbGKPFXCWuBvf9Ss623VQ5DA consumed 118 of 42962 compute units
    лог: Program TokenkegQfeZyiNwAJbNbGKPFXCWuBvf9Ss623VQ5DA success
    лог: Program 11111111111111111111111111111111 invoke [1]
    лог: Program 11111111111111111111111111111111 success
    лог: Program TokenkegQfeZyiNwAJbNbGKPFXCWuBvf9Ss623VQ5DA invoke [1]
    лог: Program TokenkegQfeZyiNwAJbNbGKPFXCWuBvf9Ss623VQ5DA consumed 105 of 42694 compute units
    лог: Program TokenkegQfeZyiNwAJbNbGKPFXCWuBvf9Ss623VQ5DA success
окно минта: {'signatures_in_window': 330, 'failed_in_window': 45, 'history_complete': True, 'capped': False, 'why_not': None}
  наш кошелёк участвует: {"signature": "5HdXjagm52JXeMSWewa9i3SyKsn1LhrFgxiwcwnnhSudmPzVc8mrxK72ebYFPdCAk9inSUzAWruSRvWvTkYWx8xG", "slot": 450051862, "utc": "2026-09-24T14:10:07Z", "err": {"InstructionError": [8, {"Custom": 6004}]}, "signers": ["4s87RRC2V2XAJD6R8U2dP8kQH99Z2wA6fg88ZVfV4j4N"], "buyers": [], "sellers": [], "mint_delta_by_owner": {}, "watch_involved": true}
кредитов за прогон 337; C2 сегодня 1707
