[14:49:48Z] C2 задача B: потрачено C2 сегодня до старта 0 из 100000
[14:49:50Z] наши покупки по цепи с 2026-09-24T00:00:00Z: 14 ({'signatures': 34, 'signatures_ok': 33, 'scan_complete': True, 'fetch_failed': 0, 'first_entry': 14, 'add': 0, 'rate_missing': 0, 'from_utc': '2026-09-24T00:00:00Z'}); сверка с журналом: в журнале 15, из них найдено 14, по цепи вне журнала 0
[14:49:51Z] наша 2026-09-24T00:07:05Z test_0.001: сэндвич нет 
[14:49:52Z] наша 2026-09-24T00:21:06Z test_0.001: сэндвич нет 
[14:49:53Z] наша 2026-09-24T00:50:48Z test_0.001: сэндвич нет 
[14:49:55Z] наша 2026-09-24T00:52:22Z test_0.001: сэндвич нет 
[14:49:56Z] наша 2026-09-24T00:53:22Z test_0.001: сэндвич нет 
[14:49:56Z] наша 2026-09-24T00:53:56Z test_0.001: сэндвич нет 
[14:49:57Z] наша 2026-09-24T00:54:20Z test_0.001: сэндвич нет 
[14:49:58Z] наша 2026-09-24T02:12:01Z 0.05: сэндвич нет 
[14:49:59Z] наша 2026-09-24T03:36:11Z 0.05: сэндвич нет 
[14:50:00Z] наша 2026-09-24T03:41:18Z 0.05: сэндвич нет 
[14:50:01Z] наша 2026-09-24T03:47:23Z 0.05: сэндвич нет 
[14:50:01Z] наша 2026-09-24T09:40:58Z 0.05: сэндвич нет 
[14:50:02Z] наша 2026-09-24T11:25:05Z 0.05: сэндвич нет 
[14:50:03Z] наша 2026-09-24T11:51:20Z 0.05: сэндвич нет 
[14:50:04Z] DBot BATCH-5: покупок за 1.0 сут: 8 ({'signatures': 22, 'signatures_ok': 22, 'scan_complete': True, 'fetch_failed': 0, 'first_entry': 8, 'add': 0, 'rate_missing': 0, 'from_utc': '2026-09-23T14:49:48Z'})
[14:50:11Z] выгрузка: {'csv': '/home/runner/work/robinhood-chain-alpha/robinhood-chain-alpha/data/sandwich_2026-09-24.csv', 'json': '/home/runner/work/robinhood-chain-alpha/robinhood-chain-alpha/data/sandwich_2026-09-24.json'}; кредитов за прогон 101; C2 сегодня 101
summary_ours {"n_trades": 14, "n_with_data": 14, "n_sandwiched": 0, "share_sandwiched": 0.0, "median_loss_pp": null, "n_loss_measured": 0, "no_data_reasons": {}, "attackers": []}
summary_ours_by_size {"0.05": {"n_trades": 7, "n_with_data": 7, "n_sandwiched": 0, "share_sandwiched": 0.0, "median_loss_pp": null, "n_loss_measured": 0, "no_data_reasons": {}, "attackers": []}, "test_0.001": {"n_trades": 7, "n_with_data": 7, "n_sandwiched": 0, "share_sandwiched": 0.0, "median_loss_pp": null, "n_loss_measured": 0, "no_data_reasons": {}, "attackers": []}}
summary_dbot_batch5 {"n_trades": 8, "n_with_data": 8, "n_sandwiched": 0, "share_sandwiched": 0.0, "median_loss_pp": null, "n_loss_measured": 0, "no_data_reasons": {}, "attackers": []}
